[*] 데이터 로드 중: /home/leggo/AIResearch/VOGBasedDetectionSystem/data
[*] Processed 278 CSV files
[+] Difference Map 저장됨: ../xai_difference_map.png
[*] 총 5736개 CWT 샘플 (HC: 2495, MCI: 3241)
[*] 학습 시작 (디바이스: cuda)
[*] Train subjects: HC=12, MCI=19 | Val subjects: HC=2, MCI=4
[*] Class weights — HC: 1.149, MCI: 0.885
Epoch [01/50] | Train Acc: 48.45% | Val Acc: 38.78% | Val Loss: 0.7176 | LR: 9.99e-04
Epoch [02/50] | Train Acc: 49.24% | Val Acc: 56.38% | Val Loss: 0.6898 | LR: 9.96e-04
Epoch [03/50] | Train Acc: 52.77% | Val Acc: 66.39% | Val Loss: 0.6732 | LR: 9.91e-04
Epoch [04/50] | Train Acc: 55.45% | Val Acc: 56.80% | Val Loss: 0.6778 | LR: 9.84e-04
Epoch [05/50] | Train Acc: 56.25% | Val Acc: 61.12% | Val Loss: 0.6462 | LR: 9.76e-04
Epoch [06/50] | Train Acc: 56.40% | Val Acc: 64.59% | Val Loss: 0.6454 | LR: 9.65e-04
Epoch [07/50] | Train Acc: 56.44% | Val Acc: 58.27% | Val Loss: 0.6641 | LR: 9.52e-04
Epoch [08/50] | Train Acc: 57.47% | Val Acc: 61.64% | Val Loss: 0.6474 | LR: 9.38e-04
Epoch [09/50] | Train Acc: 57.97% | Val Acc: 51.21% | Val Loss: 0.7197 | LR: 9.22e-04
Epoch [10/50] | Train Acc: 58.22% | Val Acc: 60.48% | Val Loss: 0.6627 | LR: 9.05e-04
Epoch [11/50] | Train Acc: 58.72% | Val Acc: 60.91% | Val Loss: 0.6530 | LR: 8.85e-04
Epoch [12/50] | Train Acc: 60.05% | Val Acc: 59.33% | Val Loss: 0.6754 | LR: 8.64e-04
Epoch [13/50] | Train Acc: 59.02% | Val Acc: 59.11% | Val Loss: 0.6695 | LR: 8.42e-04
Epoch [14/50] | Train Acc: 58.72% | Val Acc: 60.06% | Val Loss: 0.6635 | LR: 8.19e-04
Epoch [15/50] | Train Acc: 59.46% | Val Acc: 55.11% | Val Loss: 0.7019 | LR: 7.94e-04
Epoch [16/50] | Train Acc: 60.17% | Val Acc: 59.11% | Val Loss: 0.6657 | LR: 7.68e-04
[Early stop] 개선 없음 10 epochs — 학습 종료.
[+] 학습 완료. Best val loss: 0.6454 → 'best_edge_cwt_model.pth' 저장됨.
[*] LOSO-CV 시작 — 37 subjects, device=cuda

  [01/37] ✗  True=HC   Pred=MCI  MCI_prob=0.528  epochs= 196  (20240627_083104_1722132_)
  [02/37] ✗  True=HC   Pred=MCI  MCI_prob=0.570  epochs= 196  (20240709_083459_2025307_)
  [03/37] ✓  True=HC   Pred=HC   MCI_prob=0.459  epochs= 177  (20240329_101344_493078_)
  [04/37] ✗  True=HC   Pred=MCI  MCI_prob=0.682  epochs= 197  (20240329_084111_1324721_)
  [05/37] ✗  True=HC   Pred=MCI  MCI_prob=0.621  epochs= 159  (20241011_105132_853338_)
  [06/37] ✗  True=HC   Pred=MCI  MCI_prob=0.682  epochs= 131  (20250612_100903_584743_)
  [07/37] ✗  True=HC   Pred=MCI  MCI_prob=0.525  epochs= 180  (20240329_094040_1073209_)
  [08/37] ✗  True=HC   Pred=MCI  MCI_prob=0.504  epochs= 195  (20240613_084041_1533202_)
  [09/37] ✓  True=HC   Pred=HC   MCI_prob=0.475  epochs= 177  (20240705_102008_1149257_)
  [10/37] ✗  True=HC   Pred=MCI  MCI_prob=0.556  epochs= 180  (20240830_093351_951161_)
  [11/37] ✗  True=HC   Pred=MCI  MCI_prob=0.503  epochs= 169  (20240830_103408_1926067_)
  [12/37] ✓  True=HC   Pred=HC   MCI_prob=0.484  epochs= 179  (20240416_133414_1187418_)
  [13/37] ✓  True=HC   Pred=HC   MCI_prob=0.425  epochs= 191  (20240507_083503_2054190_)
  [14/37] ✓  True=HC   Pred=HC   MCI_prob=0.475  epochs= 168  (20240709_095414_798388_)
  [15/37] ✓  True=MCI  Pred=MCI  MCI_prob=0.655  epochs= 137  (20251223_131850_1523559_)
  [16/37] ✗  True=MCI  Pred=HC   MCI_prob=0.397  epochs= 150  (20250701_091148_644377_)
  [17/37] ✓  True=MCI  Pred=MCI  MCI_prob=0.520  epochs= 109  (20250917_084851_1188823_)
  [18/37] ✓  True=MCI  Pred=MCI  MCI_prob=0.655  epochs= 163  (20250910_083538_1921220_)
  [19/37] ✗  True=MCI  Pred=HC   MCI_prob=0.430  epochs= 165  (20251015_092729_1525484_)
  [20/37] ✓  True=MCI  Pred=MCI  MCI_prob=0.607  epochs= 156  (20260120_085825_1208201_)
  [21/37] ✓  True=MCI  Pred=MCI  MCI_prob=0.537  epochs= 134  (20251202_152715_460427_)
  [22/37] ✗  True=MCI  Pred=HC   MCI_prob=0.486  epochs= 104  (20260224_093854_1212626_)
  [23/37] ✓  True=MCI  Pred=MCI  MCI_prob=0.507  epochs= 146  (20251231_142955_1588893_)
  [24/37] ✓  True=MCI  Pred=MCI  MCI_prob=0.686  epochs= 120  (20251112_091044_895787_)
  [25/37] ✗  True=MCI  Pred=HC   MCI_prob=0.500  epochs= 150  (20250814_111814_819327_)
  [26/37] ✓  True=MCI  Pred=MCI  MCI_prob=0.644  epochs= 162  (20250826_085849_1502340_)
  [27/37] ✓  True=MCI  Pred=MCI  MCI_prob=0.597  epochs= 137  (20260324_091656_1959999)
  [28/37] ✓  True=MCI  Pred=MCI  MCI_prob=0.530  epochs= 145  (20260225_142456_1486695)
  [29/37] ✓  True=MCI  Pred=MCI  MCI_prob=0.709  epochs= 141  (20260311_094118_984956)
  [30/37] ✓  True=MCI  Pred=MCI  MCI_prob=0.686  epochs= 136  (20260317_093419_1012933)
  [31/37] ✓  True=MCI  Pred=MCI  MCI_prob=0.706  epochs= 142  (20260204_134719_1968714)
  [32/37] ✓  True=MCI  Pred=MCI  MCI_prob=0.611  epochs= 147  (20260310_090536_1517154)
  [33/37] ✓  True=MCI  Pred=MCI  MCI_prob=0.617  epochs= 124  (20260421_091245_1871077)
  [34/37] ✓  True=MCI  Pred=MCI  MCI_prob=0.550  epochs= 159  (20260127_134745_1477026)
  [35/37] ✓  True=MCI  Pred=MCI  MCI_prob=0.548  epochs= 168  (20260415_084829_2091974)
  [36/37] ✓  True=MCI  Pred=MCI  MCI_prob=0.525  epochs= 130  (20260128_084616_972310)
  [37/37] ✓  True=MCI  Pred=MCI  MCI_prob=0.608  epochs= 116  (20260325_084718_1491320)

========================================================
  LOSO-CV  Summary
========================================================
  Subjects     : 37  (HC=14, MCI=23)
  ── Threshold = 0.50 (default) ──
  Accuracy     : 0.649   (24/37)
  Sensitivity  : 0.826   TP=19  FN=4
  Specificity  : 0.357   TN=5  FP=9
  Balanced Acc : 0.592
  AUROC        : 0.668
  ── Threshold = 0.53 (optimised for balanced acc) ──
  Accuracy     : 0.676   (25/37)
  Sensitivity  : 0.696   TP=16  FN=7
  Specificity  : 0.643   TN=9  FP=5
  Balanced Acc : 0.669
========================================================
[+] Saved: ../loso_results.png

[*] 추론 시작: PD VOG -_Horizontal Saccade B.csv
[>] Saccade 이벤트 수: 9
[>] 앙상블 진단: Healthy Control (HC)
[>] MCI 확률: 49.82%
